Request roster: 283,574 iids.
Metadata: scanned 12,565,921 catalogue records, kept 283,574 matching our request.
  …2,000 records | 9,718 pages | 4,099 matches
  …4,000 records | 19,469 pages | 8,972 matches
  …6,000 records | 29,215 pages | 18,188 matches
  …8,000 records | 39,403 pages | 23,023 matches
  …10,000 records | 48,968 pages | 27,448 matches
  …12,000 records | 58,441 pages | 31,542 matches
  …14,000 records | 68,001 pages | 36,755 matches
  …16,000 records | 78,036 pages | 40,949 matches
  …18,000 records | 87,631 pages | 48,326 matches
  …20,000 records | 98,012 pages | 53,956 matches
  …22,000 records | 108,158 pages | 62,663 matches
  …24,000 records | 118,255 pages | 69,161 matches
  …26,000 records | 128,511 pages | 74,576 matches
  …28,000 records | 137,914 pages | 80,620 matches
  …30,000 records | 148,072 pages | 93,803 matches
  …32,000 records | 158,163 pages | 97,937 matches
  …34,000 records | 167,459 pages | 105,276 matches
  …36,000 records | 177,426 pages | 109,753 matches
  …38,000 records | 187,276 pages | 116,905 matches
  …40,000 records | 196,746 pages | 124,618 matches
  …42,000 records | 206,910 pages | 129,358 matches
  …44,000 records | 216,957 pages | 133,690 matches
  …46,000 records | 226,573 pages | 138,273 matches
  …48,000 records | 236,252 pages | 142,211 matches
  …50,000 records | 246,125 pages | 150,521 matches
  …52,000 records | 256,166 pages | 154,554 matches
  …54,000 records | 265,556 pages | 162,818 matches
  …56,000 records | 275,361 pages | 172,143 matches
  …58,000 records | 285,102 pages | 181,559 matches
  …60,000 records | 295,005 pages | 186,807 matches
  …62,000 records | 305,045 pages | 190,548 matches
  …64,000 records | 315,224 pages | 195,136 matches
  …66,000 records | 325,023 pages | 200,315 matches
  …68,000 records | 334,778 pages | 205,218 matches
  …70,000 records | 346,486 pages | 209,062 matches
  …72,000 records | 361,308 pages | 214,278 matches
  …74,000 records | 375,323 pages | 217,138 matches
  …76,000 records | 389,657 pages | 220,720 matches
  …78,000 records | 403,653 pages | 225,143 matches
  …80,000 records | 417,459 pages | 227,799 matches
  …82,000 records | 430,793 pages | 231,466 matches
  …84,000 records | 444,820 pages | 234,679 matches
  …86,000 records | 459,314 pages | 237,676 matches
  …88,000 records | 473,648 pages | 240,641 matches
  …90,000 records | 487,317 pages | 243,713 matches
  …92,000 records | 501,918 pages | 247,049 matches
  …94,000 records | 515,510 pages | 251,655 matches
  …96,000 records | 530,028 pages | 258,422 matches
  …98,000 records | 544,034 pages | 261,509 matches
  …100,000 records | 558,508 pages | 267,680 matches
  …102,000 records | 573,548 pages | 271,205 matches
  …104,000 records | 587,738 pages | 274,780 matches
  …106,000 records | 601,470 pages | 278,139 matches
  …108,000 records | 615,927 pages | 281,158 matches
  …110,000 records | 630,727 pages | 285,807 matches
  …112,000 records | 644,619 pages | 289,498 matches
  …114,000 records | 658,590 pages | 293,058 matches
  …116,000 records | 673,173 pages | 296,940 matches
  …118,000 records | 687,478 pages | 300,838 matches
  …120,000 records | 701,653 pages | 304,566 matches
  …122,000 records | 716,081 pages | 307,445 matches
  …124,000 records | 730,812 pages | 311,082 matches
  …126,000 records | 743,778 pages | 314,095 matches
  …128,000 records | 757,928 pages | 317,324 matches
  …130,000 records | 772,885 pages | 320,628 matches
  …132,000 records | 787,118 pages | 324,529 matches
  …134,000 records | 801,367 pages | 327,656 matches
  …136,000 records | 815,799 pages | 330,785 matches
  …138,000 records | 829,159 pages | 333,725 matches
  …140,000 records | 843,449 pages | 337,222 matches
  …142,000 records | 857,967 pages | 340,435 matches
  …144,000 records | 872,700 pages | 344,281 matches
  …146,000 records | 887,454 pages | 347,672 matches
  …148,000 records | 901,498 pages | 351,246 matches
  …150,000 records | 915,806 pages | 354,749 matches
  …152,000 records | 930,541 pages | 358,259 matches
  …154,000 records | 945,630 pages | 362,646 matches
  …156,000 records | 960,423 pages | 366,549 matches
  …158,000 records | 975,572 pages | 370,279 matches
  …160,000 records | 990,200 pages | 373,515 matches
  …162,000 records | 1,004,640 pages | 377,979 matches
  …164,000 records | 1,018,216 pages | 381,761 matches
  …166,000 records | 1,032,734 pages | 385,990 matches
  …168,000 records | 1,046,671 pages | 389,888 matches
  …170,000 records | 1,061,020 pages | 392,661 matches
  …172,000 records | 1,075,563 pages | 396,484 matches
  …174,000 records | 1,089,515 pages | 400,193 matches
  …176,000 records | 1,104,095 pages | 403,693 matches
  …178,000 records | 1,118,488 pages | 407,501 matches
  …180,000 records | 1,132,537 pages | 411,016 matches
  …182,000 records | 1,145,458 pages | 416,277 matches
  …184,000 records | 1,159,878 pages | 420,132 matches
  …186,000 records | 1,173,982 pages | 423,753 matches
  …188,000 records | 1,188,050 pages | 426,225 matches
  …190,000 records | 1,202,744 pages | 429,834 matches
  …192,000 records | 1,216,126 pages | 433,040 matches
  …194,000 records | 1,230,787 pages | 436,853 matches
  …196,000 records | 1,245,221 pages | 440,687 matches
  …198,000 records | 1,259,827 pages | 443,746 matches
  …200,000 records | 1,274,237 pages | 447,557 matches
  …202,000 records | 1,288,301 pages | 451,056 matches
  …204,000 records | 1,302,709 pages | 455,260 matches
  …206,000 records | 1,316,897 pages | 458,481 matches
  …208,000 records | 1,331,464 pages | 461,828 matches
  …210,000 records | 1,346,023 pages | 466,792 matches
  …212,000 records | 1,360,269 pages | 469,933 matches
  …214,000 records | 1,375,544 pages | 473,963 matches
  …216,000 records | 1,389,819 pages | 476,894 matches
  …218,000 records | 1,404,485 pages | 480,511 matches
  …220,000 records | 1,418,660 pages | 484,506 matches
  …222,000 records | 1,432,691 pages | 488,762 matches
  …224,000 records | 1,446,807 pages | 492,682 matches
  …226,000 records | 1,460,890 pages | 495,973 matches
  …228,000 records | 1,475,760 pages | 499,559 matches
  …230,000 records | 1,490,159 pages | 503,831 matches
  …232,000 records | 1,504,186 pages | 508,397 matches
  …234,000 records | 1,518,484 pages | 512,076 matches
  …236,000 records | 1,532,410 pages | 515,595 matches
  …238,000 records | 1,546,468 pages | 519,053 matches
  …240,000 records | 1,560,540 pages | 523,032 matches
  …242,000 records | 1,574,784 pages | 526,399 matches
  …244,000 records | 1,589,600 pages | 530,195 matches
  …246,000 records | 1,604,364 pages | 534,708 matches
  …248,000 records | 1,619,243 pages | 537,674 matches
  …250,000 records | 1,632,746 pages | 540,836 matches
  …252,000 records | 1,647,718 pages | 544,522 matches
  …254,000 records | 1,662,507 pages | 548,277 matches
  …256,000 records | 1,676,307 pages | 554,250 matches
  …258,000 records | 1,690,282 pages | 558,277 matches
  …260,000 records | 1,704,487 pages | 563,314 matches
  …262,000 records | 1,719,206 pages | 566,375 matches
  …264,000 records | 1,733,425 pages | 569,861 matches
  …266,000 records | 1,747,387 pages | 573,153 matches
  …268,000 records | 1,761,649 pages | 576,305 matches
  …270,000 records | 1,775,805 pages | 584,135 matches
  …272,000 records | 1,789,014 pages | 587,351 matches
  …274,000 records | 1,803,681 pages | 590,475 matches
  …276,000 records | 1,817,665 pages | 594,975 matches
  …278,000 records | 1,831,987 pages | 598,568 matches
  …280,000 records | 1,845,722 pages | 601,216 matches
  …282,000 records | 1,859,861 pages | 605,137 matches
================================================================
delivery records : 283,574
pages scanned    : 1,870,831
citation matches : 607,773
records w/o metadata match: 0
   ambiguous : 299,346
   stephanus : 124,897
   bekker    : 79,110
   nt        : 62,291
   homer     : 37,198
   pindar    : 4,931
================================================================
COVERAGE — delivered vs requested
  requested : 283,574
  delivered : 283,574
  matched   : 283,574
  missing   : 0
  extra     : 0

  flagged drop ab0e7253-8739-3667-b98e-025ad9fd37f5: NOT the missing one
  No silent drops: flagged item is the only omission.

Wrote citations.tsv, citation_summary.tsv, coverage_report.txt
